# ELBREAD: Elaboration process.
# ELBREAD: Elaboration time 0.0 [s].
asim -O5 +access +r +m+breadboard breadboard
# ELBREAD: Elaboration process.
# ELBREAD: Elaboration time 0.0 [s].
# VSIM: Stack memory: 32MB
# VSIM: Retval memory: 32MB
# 
# KERNEL: Main thread initiated.
# KERNEL: Kernel process initialization phase.
# ELAB2: Elaboration final pass...
# ELAB2: Create instances ...
# KERNEL: Time resolution set to 1ps.
# ELAB2: Create instances complete.
# SLP: Started
# SLP: Elaboration phase ...
# SLP: Elaboration phase ... done : 0.1 [s]
# SLP: Generation phase ...
# SLP: Generation phase ... done : 1.4 [s]
# SLP: Finished : 1.5 [s]
# SLP: 0 primitives and 68 (100.00%) other processes in SLP
# SLP: 216 (100.00%) signals in SLP and 0 interface signals
# ELAB2: Elaboration final pass complete - time: 1.6 [s].
# KERNEL: SLP loading done - time: 0.2 [s].
# KERNEL: Warning: You are using the Active-HDL Student Edition. The performance of simulation is running at a reduced rate.
# KERNEL: Warning: Contact Aldec for available upgrade options - sales@aldec.com.
# KERNEL: SLP simulation initialization done - time: 0.0 [s].
# KERNEL: Kernel process initialization done.
# Allocation: Simulator allocated 4691 kB (elbread=427 elab2=4129 kernel=134 sdf=0)
# KERNEL: ASDB file was created in location C:\Users\USER\Documents\evm\evm\src\wave.asdb
#  9:33 AM, Tuesday, January 14, 2025
#  Simulation has been initialized
run
# KERNEL: Test Case 1: Voter 0 votes for Candidate 0
# KERNEL: Out Vote Count: 1, Winner Candidate: 0
# KERNEL: Test Case 2: Voter 1 votes for Candidate 1
# KERNEL: Out Vote Count: 1, Winner Candidate: 1
# KERNEL: Test Case 3: Voter 2 votes for Candidate 1
# KERNEL: Out Vote Count: 2, Winner Candidate: 1
# KERNEL: Test Case 4: Voter 0 tries to vote again for Candidate 1
# KERNEL: Out Vote Count: 2, Winner Candidate: 1 (No change expected)
# KERNEL: Test Case 5: Voter 4 votes for Candidate 2
# KERNEL: Out Vote Count: 2, Winner Candidate: 1
# KERNEL: Test Case 6: Voter 3 votes for Candidate 1
# KERNEL: Out Vote Count: 3, Winner Candidate: 1
# KERNEL: Final Results:
# KERNEL: Winner Candidate: 1 with 3 votes
# RUNTIME: Info: RUNTIME_0070 breadboard.v (99): $stop called.
# KERNEL: Time: 71 ps,  Iteration: 0,  Instance: /breadboard,  Process: @INITIAL#29_0@.
# KERNEL: Stopped at time 71 ps + 0.
endsim
# VSIM: Simulation has finished.
asim -O5 +access +r +m+breadboard breadboard
# ELBREAD: Elaboration process.
# ELBREAD: Elaboration time 0.0 [s].
# VSIM: Stack memory: 32MB
# VSIM: Retval memory: 32MB
# 
alog -O2 -sve -msg 5 -sv2k17 -work evm $dsn/src/full_adder.v $dsn/src/comparator.v $dsn/src/adder_4bit.v $dsn/src/memory_control_unit.v $dsn/src/clock.v
# Compile success 0 Errors 0 Warnings  Analysis time: 0[s].
# done
# ELBREAD: Elaboration process.
# ELBREAD: Elaboration time 0.0 [s].
# KERNEL: Main thread initiated.
# KERNEL: Kernel process initialization phase.
# ELAB2: Elaboration final pass...
# ELAB2: Create instances ...
# KERNEL: Time resolution set to 1ps.
# ELAB2: Create instances complete.
# SLP: Started
# SLP: Elaboration phase ...
# SLP: Elaboration phase ... done : 0.0 [s]
# SLP: Generation phase ...
# SLP: Generation phase ... done : 1.3 [s]
# SLP: Finished : 1.4 [s]
# SLP: 0 primitives and 68 (100.00%) other processes in SLP
# SLP: 216 (100.00%) signals in SLP and 0 interface signals
# ELAB2: Elaboration final pass complete - time: 1.4 [s].
# KERNEL: SLP loading done - time: 0.0 [s].
# KERNEL: Warning: You are using the Active-HDL Student Edition. The performance of simulation is running at a reduced rate.
# KERNEL: Warning: Contact Aldec for available upgrade options - sales@aldec.com.
# KERNEL: SLP simulation initialization done - time: 0.0 [s].
# KERNEL: Kernel process initialization done.
# Allocation: Simulator allocated 4691 kB (elbread=427 elab2=4129 kernel=134 sdf=0)
# KERNEL: ASDB file was created in location C:\Users\USER\Documents\evm\evm\src\wave.asdb
#  2:55 PM, Tuesday, January 14, 2025
#  Simulation has been initialized
run
# KERNEL: Test Case 1: Voter 0 votes for Candidate 0
# KERNEL: Out Vote Count: 1, Winner Candidate: 0
# KERNEL: Test Case 2: Voter 1 votes for Candidate 1
# KERNEL: Out Vote Count: 1, Winner Candidate: 1
# KERNEL: Test Case 3: Voter 2 votes for Candidate 1
# KERNEL: Out Vote Count: 2, Winner Candidate: 1
# KERNEL: Test Case 4: Voter 0 tries to vote again for Candidate 1
# KERNEL: Out Vote Count: 2, Winner Candidate: 1 (No change expected)
# KERNEL: Test Case 5: Voter 4 votes for Candidate 2
# KERNEL: Out Vote Count: 2, Winner Candidate: 1
# KERNEL: Test Case 6: Voter 3 votes for Candidate 1
# KERNEL: Out Vote Count: 3, Winner Candidate: 1
# KERNEL: Final Results:
# KERNEL: Winner Candidate: 1 with 3 votes
# RUNTIME: Info: RUNTIME_0070 breadboard.v (99): $stop called.
# KERNEL: Time: 71 ps,  Iteration: 0,  Instance: /breadboard,  Process: @INITIAL#29_0@.
# KERNEL: Stopped at time 71 ps + 0.
endsim
# VSIM: Simulation has finished.
asim -O5 +access +r +m+breadboard breadboard
# ELBREAD: Elaboration process.
# ELBREAD: Elaboration time 0.0 [s].
# VSIM: Stack memory: 32MB
# VSIM: Retval memory: 32MB
# 
# KERNEL: Main thread initiated.
# KERNEL: Kernel process initialization phase.
# ELAB2: Elaboration final pass...
# ELAB2: Create instances ...
# KERNEL: Time resolution set to 1ps.
# ELAB2: Create instances complete.
# SLP: Started
# SLP: Finished. Using existing simulator library
# SLP: 0 primitives and 68 (100.00%) other processes in SLP
# SLP: 216 (100.00%) signals in SLP and 0 interface signals
# ELAB2: Elaboration final pass complete - time: 0.0 [s].
# KERNEL: SLP loading done - time: 0.0 [s].
# KERNEL: Warning: You are using the Active-HDL Student Edition. The performance of simulation is running at a reduced rate.
# KERNEL: Warning: Contact Aldec for available upgrade options - sales@aldec.com.
# KERNEL: SLP simulation initialization done - time: 0.0 [s].
# KERNEL: Kernel process initialization done.
# Allocation: Simulator allocated 4691 kB (elbread=427 elab2=4129 kernel=134 sdf=0)
# KERNEL: ASDB file was created in location C:\Users\USER\Documents\evm\evm\src\wave.asdb
#  2:55 PM, Tuesday, January 14, 2025
#  Simulation has been initialized
run
# KERNEL: Test Case 1: Voter 0 votes for Candidate 0
# KERNEL: Out Vote Count: 1, Winner Candidate: 0
# KERNEL: Test Case 2: Voter 1 votes for Candidate 1
# KERNEL: Out Vote Count: 1, Winner Candidate: 1
# KERNEL: Test Case 3: Voter 2 votes for Candidate 1
# KERNEL: Out Vote Count: 2, Winner Candidate: 1
# KERNEL: Test Case 4: Voter 0 tries to vote again for Candidate 1
# KERNEL: Out Vote Count: 2, Winner Candidate: 1 (No change expected)
# KERNEL: Test Case 5: Voter 4 votes for Candidate 2
# KERNEL: Out Vote Count: 2, Winner Candidate: 1
# KERNEL: Test Case 6: Voter 3 votes for Candidate 1
# KERNEL: Out Vote Count: 3, Winner Candidate: 1
# KERNEL: Final Results:
# KERNEL: Winner Candidate: 1 with 3 votes
# RUNTIME: Info: RUNTIME_0070 breadboard.v (99): $stop called.
# KERNEL: Time: 71 ps,  Iteration: 0,  Instance: /breadboard,  Process: @INITIAL#29_0@.
# KERNEL: Stopped at time 71 ps + 0.
endsim
# VSIM: Simulation has finished.
asim -O5 +access +r +m+breadboard breadboard
# ELBREAD: Elaboration process.
# ELBREAD: Elaboration time 0.0 [s].
# VSIM: Stack memory: 32MB
# VSIM: Retval memory: 32MB
# 
# KERNEL: Main thread initiated.
# KERNEL: Kernel process initialization phase.
# ELAB2: Elaboration final pass...
# ELAB2: Create instances ...
# KERNEL: Time resolution set to 1ps.
# ELAB2: Create instances complete.
# SLP: Started
# SLP: Finished. Using existing simulator library
# SLP: 0 primitives and 68 (100.00%) other processes in SLP
# SLP: 216 (100.00%) signals in SLP and 0 interface signals
# ELAB2: Elaboration final pass complete - time: 0.0 [s].
# KERNEL: SLP loading done - time: 0.0 [s].
# KERNEL: Warning: You are using the Active-HDL Student Edition. The performance of simulation is running at a reduced rate.
# KERNEL: Warning: Contact Aldec for available upgrade options - sales@aldec.com.
# KERNEL: SLP simulation initialization done - time: 0.0 [s].
# KERNEL: Kernel process initialization done.
# Allocation: Simulator allocated 4691 kB (elbread=427 elab2=4129 kernel=134 sdf=0)
# KERNEL: ASDB file was created in location C:\Users\USER\Documents\evm\evm\src\wave.asdb
#  2:56 PM, Tuesday, January 14, 2025
#  Simulation has been initialized
run
# KERNEL: Test Case 1: Voter 0 votes for Candidate 0
# KERNEL: Out Vote Count: 1, Winner Candidate: 0
# KERNEL: Test Case 2: Voter 1 votes for Candidate 1
# KERNEL: Out Vote Count: 1, Winner Candidate: 1
# KERNEL: Test Case 3: Voter 2 votes for Candidate 1
# KERNEL: Out Vote Count: 2, Winner Candidate: 1
# KERNEL: Test Case 4: Voter 0 tries to vote again for Candidate 1
# KERNEL: Out Vote Count: 2, Winner Candidate: 1 (No change expected)
# KERNEL: Test Case 5: Voter 4 votes for Candidate 2
# KERNEL: Out Vote Count: 2, Winner Candidate: 1
# KERNEL: Test Case 6: Voter 3 votes for Candidate 1
# KERNEL: Out Vote Count: 3, Winner Candidate: 1
# KERNEL: Final Results:
# KERNEL: Winner Candidate: 1 with 3 votes
# RUNTIME: Info: RUNTIME_0070 breadboard.v (99): $stop called.
# KERNEL: Time: 71 ps,  Iteration: 0,  Instance: /breadboard,  Process: @INITIAL#29_0@.
# KERNEL: Stopped at time 71 ps + 0.
endsim
# VSIM: Simulation has finished.
alog -O2 -sve -msg 5 -sv2k17 -work evm $dsn/src/clock_tb.v
# Unit top modules: clock_tb.
# Compile success 0 Errors 0 Warnings  Analysis time: 0[s].
# done
alog -O2 -sve -msg 5 -sv2k17 -work evm $dsn/src/full_adder_tb.v
# Unit top modules: full_adder_tb.
# Compile success 0 Errors 0 Warnings  Analysis time: 0[s].
# done
alog -O2 -sve -msg 5 -sv2k17 -work evm $dsn/src/clock.v $dsn/src/clock_tb.v $dsn/src/full_adder.v $dsn/src/full_adder_tb.v $dsn/src/adder_4bit.v $dsn/src/adder_4bit_tb.v $dsn/src/comparator.v $dsn/src/comp_tb.v $dsn/src/memory_control_unit.v $dsn/src/breadboard.v
# Unit top modules: clock_tb full_adder_tb adder_4bit_tb comparator_4bit_tb.
# Compile success 0 Errors 0 Warnings  Analysis time: 0[s].
# done
asim -O5 +access +r +m+breadboard breadboard
# ELBREAD: Elaboration process.
# ELBREAD: Elaboration time 0.0 [s].
# VSIM: Stack memory: 32MB
# VSIM: Retval memory: 32MB
# 
alog -O2 -sve -msg 5 -sv2k17 -work evm $dsn/src/breadboard.v
# Compile success 0 Errors 0 Warnings  Analysis time: 0[s].
# done
# ELBREAD: Elaboration process.
# ELBREAD: Elaboration time 0.0 [s].
# KERNEL: Main thread initiated.
# KERNEL: Kernel process initialization phase.
# ELAB2: Elaboration final pass...
# ELAB2: Create instances ...
# KERNEL: Time resolution set to 1ps.
# ELAB2: Create instances complete.
# SLP: Started
# SLP: Elaboration phase ...
# SLP: Elaboration phase ... done : 0.0 [s]
# SLP: Generation phase ...
# SLP: Generation phase ... done : 0.5 [s]
# SLP: Finished : 0.5 [s]
# SLP: 0 primitives and 68 (100.00%) other processes in SLP
# SLP: 216 (100.00%) signals in SLP and 0 interface signals
# ELAB2: Elaboration final pass complete - time: 0.5 [s].
# KERNEL: SLP loading done - time: 0.0 [s].
# KERNEL: Warning: You are using the Active-HDL Student Edition. The performance of simulation is running at a reduced rate.
# KERNEL: Warning: Contact Aldec for available upgrade options - sales@aldec.com.
# KERNEL: SLP simulation initialization done - time: 0.0 [s].
# KERNEL: Kernel process initialization done.
# Allocation: Simulator allocated 4691 kB (elbread=427 elab2=4129 kernel=134 sdf=0)
# KERNEL: ASDB file was created in location C:\Users\USER\Documents\evm\evm\src\wave.asdb
#  2:58 PM, Tuesday, January 14, 2025
#  Simulation has been initialized
run
# KERNEL: Test Case 1: Voter 0 votes for Candidate 0
# KERNEL: Out Vote Count: 1, Winner Candidate: 0
# KERNEL: Test Case 2: Voter 1 votes for Candidate 1
# KERNEL: Out Vote Count: 1, Winner Candidate: 1
# KERNEL: Test Case 3: Voter 2 votes for Candidate 1
# KERNEL: Out Vote Count: 2, Winner Candidate: 1
# KERNEL: Test Case 4: Voter 0 tries to vote again for Candidate 1
# KERNEL: Out Vote Count: 2, Winner Candidate: 1 (No change expected)
# KERNEL: Test Case 5: Voter 4 votes for Candidate 2
# KERNEL: Out Vote Count: 2, Winner Candidate: 1
# KERNEL: Test Case 6: Voter 3 votes for Candidate 1
# KERNEL: Out Vote Count: 3, Winner Candidate: 1
# KERNEL: Final Results:
# KERNEL: Winner Candidate: 1 with 3 votes
# RUNTIME: Info: RUNTIME_0070 breadboard.v (98): $stop called.
# KERNEL: Time: 71 ps,  Iteration: 0,  Instance: /breadboard,  Process: @INITIAL#29_0@.
# KERNEL: Stopped at time 71 ps + 0.
endsim
# VSIM: Simulation has finished.
asim -O5 +access +r +m+breadboard breadboard
# ELBREAD: Elaboration process.
# ELBREAD: Elaboration time 0.0 [s].
# VSIM: Stack memory: 32MB
# VSIM: Retval memory: 32MB
# 
# KERNEL: Main thread initiated.
# KERNEL: Kernel process initialization phase.
# ELAB2: Elaboration final pass...
# ELAB2: Create instances ...
# KERNEL: Time resolution set to 1ps.
# ELAB2: Create instances complete.
# SLP: Started
# SLP: Finished. Using existing simulator library
# SLP: 0 primitives and 68 (100.00%) other processes in SLP
# SLP: 216 (100.00%) signals in SLP and 0 interface signals
# ELAB2: Elaboration final pass complete - time: 0.0 [s].
# KERNEL: SLP loading done - time: 0.0 [s].
# KERNEL: Warning: You are using the Active-HDL Student Edition. The performance of simulation is running at a reduced rate.
# KERNEL: Warning: Contact Aldec for available upgrade options - sales@aldec.com.
# KERNEL: SLP simulation initialization done - time: 0.0 [s].
# KERNEL: Kernel process initialization done.
# Allocation: Simulator allocated 4691 kB (elbread=427 elab2=4129 kernel=134 sdf=0)
# KERNEL: ASDB file was created in location C:\Users\USER\Documents\evm\evm\src\wave.asdb
#  2:58 PM, Tuesday, January 14, 2025
#  Simulation has been initialized
run
# KERNEL: Test Case 1: Voter 0 votes for Candidate 0
# KERNEL: Out Vote Count: 1, Winner Candidate: 0
# KERNEL: Test Case 2: Voter 1 votes for Candidate 1
# KERNEL: Out Vote Count: 1, Winner Candidate: 1
# KERNEL: Test Case 3: Voter 2 votes for Candidate 1
# KERNEL: Out Vote Count: 2, Winner Candidate: 1
# KERNEL: Test Case 4: Voter 0 tries to vote again for Candidate 1
# KERNEL: Out Vote Count: 2, Winner Candidate: 1 (No change expected)
# KERNEL: Test Case 5: Voter 4 votes for Candidate 2
# KERNEL: Out Vote Count: 2, Winner Candidate: 1
# KERNEL: Test Case 6: Voter 3 votes for Candidate 1
# KERNEL: Out Vote Count: 3, Winner Candidate: 1
# KERNEL: Final Results:
# KERNEL: Winner Candidate: 1 with 3 votes
# RUNTIME: Info: RUNTIME_0070 breadboard.v (98): $stop called.
# KERNEL: Time: 71 ps,  Iteration: 0,  Instance: /breadboard,  Process: @INITIAL#29_0@.
# KERNEL: Stopped at time 71 ps + 0.
endsim
# VSIM: Simulation has finished.
